// Jest Snapshot v1, https://goo.gl/fbAQLP

exports[`<Tab Select /> snapshots renders 1`] = `
.c0 {
  cursor: pointer;
  margin-bottom: -1px;
  margin-right: 4px;
  padding-top: 8px;
  padding-bottom: 8px;
  padding-left: 16px;
  padding-right: 16px;
  font-size: 22px;
  outline: 0;
  background-color: hsl(0,0%,100%);
  border-top-left-radius: 2px;
  border-top-right-radius: 2px;
  border: 1px solid hsl(240,20%,90%);
  border-bottom: 1px solid transparent;
}

.c0 .c1 {
  color: hsl(240,20%,25%);
  opacity: 1;
}

.c2 {
  cursor: pointer;
  margin-bottom: -1px;
  margin-right: 4px;
  padding-top: 8px;
  padding-bottom: 8px;
  padding-left: 16px;
  padding-right: 16px;
  font-size: 22px;
  outline: 0;
  background-color: hsl(0,0%,96%);
  border-top-left-radius: 2px;
  border-top-right-radius: 2px;
  border: 1px solid hsl(240,20%,90%);
}

.c2 .c1 {
  color: hsl(240,20%,25%);
  opacity: 0.65;
}

.c3 {
  padding: 24px;
  background-color: hsl(0,0%,100%);
  border-top-right-radius: 2px;
  border-bottom-right-radius: 2px;
  border-bottom-left-radius: 2px;
  border: 1px solid hsl(240,20%,90%);
}

<div
  className=""
>
  <div
    className=""
  >
    <button
      className="c0"
      onClick={[Function]}
    >
      <span
        className="c1 "
      >
        A
      </span>
    </button>
    <button
      className="c2"
      onClick={[Function]}
    >
      <span
        className="c1 "
      >
        B
      </span>
    </button>
    <button
      className="c2"
      onClick={[Function]}
    >
      <span
        className="c1 "
      >
        C
      </span>
    </button>
  </div>
  <div
    className="c3"
  >
    <div
      className=""
    >
      Tab A
    </div>
  </div>
</div>
`;

exports[`<Tab Select /> snapshots renders with a selectedTab 1`] = `
.c2 {
  cursor: pointer;
  margin-bottom: -1px;
  margin-right: 4px;
  padding-top: 8px;
  padding-bottom: 8px;
  padding-left: 16px;
  padding-right: 16px;
  font-size: 22px;
  outline: 0;
  background-color: hsl(0,0%,100%);
  border-top-left-radius: 2px;
  border-top-right-radius: 2px;
  border: 1px solid hsl(240,20%,90%);
  border-bottom: 1px solid transparent;
}

.c2 .c1 {
  color: hsl(240,20%,25%);
  opacity: 1;
}

.c0 {
  cursor: pointer;
  margin-bottom: -1px;
  margin-right: 4px;
  padding-top: 8px;
  padding-bottom: 8px;
  padding-left: 16px;
  padding-right: 16px;
  font-size: 22px;
  outline: 0;
  background-color: hsl(0,0%,96%);
  border-top-left-radius: 2px;
  border-top-right-radius: 2px;
  border: 1px solid hsl(240,20%,90%);
}

.c0 .c1 {
  color: hsl(240,20%,25%);
  opacity: 0.65;
}

.c3 {
  padding: 24px;
  background-color: hsl(0,0%,100%);
  border-top-right-radius: 2px;
  border-bottom-right-radius: 2px;
  border-bottom-left-radius: 2px;
  border: 1px solid hsl(240,20%,90%);
}

<div
  className=""
>
  <div
    className=""
  >
    <button
      className="c0"
      onClick={[Function]}
    >
      <span
        className="c1 "
      >
        A
      </span>
    </button>
    <button
      className="c2"
      onClick={[Function]}
    >
      <span
        className="c1 "
      >
        B
      </span>
    </button>
    <button
      className="c0"
      onClick={[Function]}
    >
      <span
        className="c1 "
      >
        C
      </span>
    </button>
  </div>
  <div
    className="c3"
  >
    <div
      className=""
    >
      Tab B
    </div>
  </div>
</div>
`;
